
Perple_X release 7.0.7, March 3, 2023.

Copyright (C) 1986-2023 James A D Connolly <www.perplex.ethz.ch/copyright.html>.

Enter the project name (the name assigned in BUILD) [default = my_project]:

Reading problem definition from file: stx21.dat                                                                                           
Reading thermodynamic data from file: stx21ver.dat                                                                                        
Writing print output to file: stx21.plt                                                                                           
Writing plot output to file: stx21.plt                                                                                           
Writing phase assemblage data to file: stx21.blk                                                                                           
Reading solution models from file: stx21_solution_model.dat                                                                            

Reading Perple_X options from: perplex_option.dat                                                                                  
Writing auto refine summary to: not requested                                                                                       
Writing seismic data options to: stx21_seismic_data.txt                                                                              
Writing pseudocompound glossary to: not requested                                                                                       
Writing Perple_X option summary to: not requested                                                                                       

Perple_X computational option settings for VERTEX:

    Keyword:               Value:     Permitted values [default]:

  Auto-refine options:

    auto_refine             aut       [auto] manual off
    replicate_threshold     0.1E-1    [1e-2]; static opt; <0 => no replica test
    rep_dynamic_threshold   0.1E-2    [1d-3]; dynamic opt; <0 => no replica test
    re-refine               F         [F] T
    intermediate_savrpc     F         [F] T
    intermediate_savdyn     F         [F] T
    keep_all_rpcs           T         [T] F

  Free energy minimization options:

    MINFRC_diff_increment   0.1E-6    [1e-7] 1e-3 => 1e-9
    MINFXC_solver            0        [0] >= 0 - speci2, -1 - MINFXC
    optimization_max_it     40        [40] >1
    optimization_precision  0.1E-3    [1e-4], 1e-1 => 1e-6, absolute
    dynamic_LP_start        war       [warm] cold hot
    static_LP_start         war       [hot] cold warm
    order_check             F         [F] T
    refinement_points        8        [auto] 1->14
    refinement_switch       F         [T] F
    scatter-points          T         [T] F
    scatter-increment       0.1E-1    [1e-2] 1e-2 => 1e-7
    solvus_tolerance_II     aut       [0.2] 0->1 
    zero_mode               0.1E-5    [1e-6] 0->1; < 0 => off

  2D grid options:

    x_nodes                 20 /200   [10/40] >0, <2048; effective x-resolution   20 /1593 nodes
    y_nodes                 20 /200   [10/40] >0, <2048; effective y-resolution   20 /1593 nodes
    grid_levels             1 / 4     [1/4] >0, <10
    linear_model            on        [on] off

  Solution subdivision options:

    initial_resolution:     0.2000    [1/5] 0->1; 0 => off
    stretch_factor          0.0020    [2d-3] >0 
    non_linear_switch       F         [F] T
    subdivision_override    off       [lin] off str
    refine_endmembers       F         [F] T

  Thermodynamic options:

    solvus_tolerance        aut       [aut] or 0->1; aut = automatic, 0 => p=c pseudocompounds, 1 => homogenize
    T_stop (K)              0.0       [0]
    T_melt (K)              873.0     [873]
    approx_alpha            T         [T] F
    Anderson-Gruneisen      F         [F] T
    speciation_precision    0.1E-4    [1d-5] <1; absolute
    speciation_max_it       100       [100]
    GFSM                    F         [F] T GFSM/special_component toggle
    hybrid_EoS_H2O          4         [4] 0-2, 4-7
    hybrid_EoS_CO2          4         [4] 0-4, 7
    hybrid_EoS_CH4          0         [0] 0-1, 7
    aq_bad_results          err       [err] 101 102 103 ignore
    aq_lagged_speciation    F         [F] T
    aq_ion_H+               T         [T] F => use OH-
    aq_oxide_components     F         [F] T
    aq_solvent_solvus       T         [T] F
    aq_vapor_epsilon        1.0       [1.]

  Input/Output options:

    pause_on_error          T         [T] F
    timing                  T         [T] F
    auto_exclude            T         [T] F
    warn_interactive        T         [T] F
    warn_no_limit           F         [F] T
    output_iteration_detai  F         [F] T
    output_iteration_g      F         [F] T
    logarithmic_p           F         [F] T
    logarithmic_X           F         [F] T
    bad_number              NaN       [NaN]
    interim_results         aut       [auto] off manual

  Information file output options:

    option_list_files       F         [F] T; echo computational options
    pseudocompound_file     F         [F] T; echo static pseudocompound compositions
    auto_refine_file        F         [T] F; echo auto-refine compositions
    seismic_data_file       T         [F] T; echo seismic wavespeed options

To change these options see: www.perplex.ethz.ch/perplex_options.html


**warning ver099** The P derivative of mu for qtz      is < 0, this is improbable. 


**warning ver099**  no data for aqueous species, aq_output and aq_lagged_speciation disabled.

--------------------------------------------------------------------------------
Solution model summary:

       4 pseudocompounds generated for: C2/c      
       4 pseudocompounds generated for: Pl        
       4 pseudocompounds generated for: Sp        
       4 pseudocompounds generated for: O         
       4 pseudocompounds generated for: Ring      
      52 pseudocompounds generated for: Opx       
     121 pseudocompounds generated for: Cpx       
     273 pseudocompounds generated for: Gt        

Total number of pseudocompounds:     466

Summary of included solution models:

C2/c       Pl         Sp         O          Ring       Opx        Cpx        Gt        
--------------------------------------------------------------------------------
** Starting exploratory computational stage **

  4.8% done with low level grid.
  9.5% done with low level grid.
 14.3% done with low level grid.
 19.0% done with low level grid.
 23.8% done with low level grid.
 28.6% done with low level grid.
 33.3% done with low level grid.
 38.1% done with low level grid.
 42.9% done with low level grid.
 47.6% done with low level grid.
 52.4% done with low level grid.
 57.1% done with low level grid.
 61.9% done with low level grid.
 66.7% done with low level grid.
 71.4% done with low level grid.
 76.2% done with low level grid.
 81.0% done with low level grid.
 85.7% done with low level grid.
 90.5% done with low level grid.
 95.2% done with low level grid.
--------------------------------------------------------------------------------
Exploratory stage generated:

      17 compositions for: C2/c      
      16 compositions for: Pl        
      19 compositions for: Sp        
      19 compositions for: O         
      43 compositions for: Ring      
     104 compositions for: Opx       
     249 compositions for: Cpx       
     367 compositions for: Gt        

Total number of compositions:     834
--------------------------------------------------------------------------------
--------------------------------------------------------------------------------
** Starting auto-refine computational stage **

  0.5% done with low level grid.
  1.0% done with low level grid.
  1.5% done with low level grid.
  2.0% done with low level grid.
  2.5% done with low level grid.
  3.0% done with low level grid.
  3.5% done with low level grid.
  4.0% done with low level grid.
  4.5% done with low level grid.
  5.0% done with low level grid.
  5.5% done with low level grid.
  6.0% done with low level grid.
  6.5% done with low level grid.
  7.0% done with low level grid.
  7.5% done with low level grid.
  8.0% done with low level grid.
  8.5% done with low level grid.
  9.0% done with low level grid.
  9.5% done with low level grid.
 10.0% done with low level grid.
 10.5% done with low level grid.
 11.0% done with low level grid.
 11.5% done with low level grid.
 12.0% done with low level grid.
 12.5% done with low level grid.
 13.0% done with low level grid.
 13.5% done with low level grid.
 14.0% done with low level grid.
 14.5% done with low level grid.
 15.0% done with low level grid.
 15.5% done with low level grid.
 16.0% done with low level grid.
 16.5% done with low level grid.
 17.0% done with low level grid.
 17.5% done with low level grid.
 18.0% done with low level grid.
 18.5% done with low level grid.
 19.0% done with low level grid.
 19.5% done with low level grid.
 20.0% done with low level grid.
 20.5% done with low level grid.
 21.0% done with low level grid.
 21.5% done with low level grid.
 22.0% done with low level grid.
 22.5% done with low level grid.
 23.0% done with low level grid.
 23.5% done with low level grid.
 24.0% done with low level grid.
 24.5% done with low level grid.
 25.0% done with low level grid.
 25.5% done with low level grid.
 26.0% done with low level grid.
 26.5% done with low level grid.
 27.0% done with low level grid.
 27.5% done with low level grid.
 28.0% done with low level grid.
 28.5% done with low level grid.
 29.0% done with low level grid.
 29.5% done with low level grid.
 30.0% done with low level grid.
 30.5% done with low level grid.
 31.0% done with low level grid.
 31.5% done with low level grid.
 32.0% done with low level grid.
 32.5% done with low level grid.
 33.0% done with low level grid.
 33.5% done with low level grid.
 34.0% done with low level grid.
 34.5% done with low level grid.
 35.0% done with low level grid.
 35.5% done with low level grid.
 36.0% done with low level grid.
 36.5% done with low level grid.
 37.0% done with low level grid.
 37.5% done with low level grid.
 38.0% done with low level grid.
 38.5% done with low level grid.
 39.0% done with low level grid.
 39.5% done with low level grid.
 40.0% done with low level grid.
 40.5% done with low level grid.
 41.0% done with low level grid.
 41.5% done with low level grid.
 42.0% done with low level grid.
 42.5% done with low level grid.
 43.0% done with low level grid.
 43.5% done with low level grid.
 44.0% done with low level grid.
 44.5% done with low level grid.
 45.0% done with low level grid.
 45.5% done with low level grid.
 46.0% done with low level grid.
 46.5% done with low level grid.
 47.0% done with low level grid.
 47.5% done with low level grid.
 48.0% done with low level grid.
 48.5% done with low level grid.
 49.0% done with low level grid.
 49.5% done with low level grid.
 50.0% done with low level grid.
 50.5% done with low level grid.
 51.0% done with low level grid.
 51.5% done with low level grid.
 52.0% done with low level grid.
 52.5% done with low level grid.
 53.0% done with low level grid.
 53.5% done with low level grid.
 54.0% done with low level grid.
 54.5% done with low level grid.
 55.0% done with low level grid.
 55.5% done with low level grid.
 56.0% done with low level grid.
 56.5% done with low level grid.
 57.0% done with low level grid.
 57.5% done with low level grid.
 58.0% done with low level grid.
 58.5% done with low level grid.
 59.0% done with low level grid.
 59.5% done with low level grid.
 60.0% done with low level grid.
 60.5% done with low level grid.
 61.0% done with low level grid.
 61.5% done with low level grid.
 62.0% done with low level grid.
 62.5% done with low level grid.
 63.0% done with low level grid.
 63.5% done with low level grid.
 64.0% done with low level grid.
 64.5% done with low level grid.
 65.0% done with low level grid.
 65.5% done with low level grid.
 66.0% done with low level grid.
 66.5% done with low level grid.
 67.0% done with low level grid.
 67.5% done with low level grid.
 68.0% done with low level grid.
 68.5% done with low level grid.
 69.0% done with low level grid.
 69.5% done with low level grid.
 70.0% done with low level grid.
 70.5% done with low level grid.
 71.0% done with low level grid.
 71.5% done with low level grid.
 72.0% done with low level grid.
 72.5% done with low level grid.
 73.0% done with low level grid.
 73.5% done with low level grid.
 74.0% done with low level grid.
 74.5% done with low level grid.
 75.0% done with low level grid.
 75.5% done with low level grid.
 76.0% done with low level grid.
 76.5% done with low level grid.
 77.0% done with low level grid.
 77.5% done with low level grid.
 78.0% done with low level grid.
 78.5% done with low level grid.
 79.0% done with low level grid.
 79.5% done with low level grid.
 80.0% done with low level grid.
 80.5% done with low level grid.
 81.0% done with low level grid.
 81.5% done with low level grid.
 82.0% done with low level grid.
 82.5% done with low level grid.
 83.0% done with low level grid.
 83.5% done with low level grid.
 84.0% done with low level grid.
 84.5% done with low level grid.
 85.0% done with low level grid.
 85.5% done with low level grid.
 86.0% done with low level grid.
 86.5% done with low level grid.
 87.0% done with low level grid.
 87.5% done with low level grid.
 88.0% done with low level grid.
 88.5% done with low level grid.
 89.0% done with low level grid.
 89.5% done with low level grid.
 90.0% done with low level grid.
 90.5% done with low level grid.
 91.0% done with low level grid.
 91.5% done with low level grid.
 92.0% done with low level grid.
 92.5% done with low level grid.
 93.0% done with low level grid.
 93.5% done with low level grid.
 94.0% done with low level grid.
 94.5% done with low level grid.
 95.0% done with low level grid.
 95.5% done with low level grid.
 96.0% done with low level grid.
 96.5% done with low level grid.
 97.0% done with low level grid.
 97.5% done with low level grid.
 98.0% done with low level grid.
 98.5% done with low level grid.
 99.0% done with low level grid.
 99.5% done with low level grid.
100.0% done with low level grid.

Beginning grid refinement stage.

  2668 grid cells to be refined at grid level 2
       ...working (   502 minimizations done)
       ...working (  1003 minimizations done)
       ...working (  1504 minimizations done)
       ...working (  2005 minimizations done)
       ...working (  2507 minimizations done)
       ...working (  3009 minimizations done)
       ...working (  3510 minimizations done)
       ...working (  4012 minimizations done)
       ...working (  4514 minimizations done)
       ...working (  5016 minimizations done)
       ...working (  5517 minimizations done)
       refinement at level 2 involved   5610 minimizations
 45610 minimizations required of the theoretical limit of  159201
  5084 grid cells to be refined at grid level 3
       ...working (   410 minimizations done)
       ...working (   911 minimizations done)
       ...working (  1413 minimizations done)
       ...working (  1914 minimizations done)
       ...working (  2415 minimizations done)
       ...working (  2917 minimizations done)
       ...working (  3418 minimizations done)
       ...working (  3919 minimizations done)
       ...working (  4420 minimizations done)
       ...working (  4922 minimizations done)
       ...working (  5423 minimizations done)
       ...working (  5924 minimizations done)
       ...working (  6425 minimizations done)
       ...working (  6926 minimizations done)
       ...working (  7428 minimizations done)
       ...working (  7929 minimizations done)
       ...working (  8431 minimizations done)
       ...working (  8933 minimizations done)
       ...working (  9436 minimizations done)
       ...working (  9938 minimizations done)
       refinement at level 3 involved  10122 minimizations
 55732 minimizations required of the theoretical limit of  635209
 10281 grid cells to be refined at grid level 4
       ...working (   318 minimizations done)
       ...working (   820 minimizations done)
       ...working (  1322 minimizations done)
       ...working (  1824 minimizations done)
       ...working (  2325 minimizations done)
       ...working (  2826 minimizations done)
       ...working (  3327 minimizations done)
       ...working (  3828 minimizations done)
       ...working (  4330 minimizations done)
       ...working (  4833 minimizations done)
       ...working (  5334 minimizations done)
       ...working (  5835 minimizations done)
       ...working (  6337 minimizations done)
       ...working (  6839 minimizations done)
       ...working (  7341 minimizations done)
       ...working (  7843 minimizations done)
       ...working (  8345 minimizations done)
       ...working (  8848 minimizations done)
       ...working (  9349 minimizations done)
       ...working (  9850 minimizations done)
       ...working ( 10352 minimizations done)
       ...working ( 10854 minimizations done)
       ...working ( 11355 minimizations done)
       ...working ( 11856 minimizations done)
       ...working ( 12357 minimizations done)
       ...working ( 12859 minimizations done)
       ...working ( 13360 minimizations done)
       ...working ( 13862 minimizations done)
       ...working ( 14363 minimizations done)
       ...working ( 14864 minimizations done)
       ...working ( 15366 minimizations done)
       ...working ( 15867 minimizations done)
       ...working ( 16369 minimizations done)
       ...working ( 16871 minimizations done)
       ...working ( 17373 minimizations done)
       ...working ( 17875 minimizations done)
       ...working ( 18377 minimizations done)
       ...working ( 18878 minimizations done)
       ...working ( 19380 minimizations done)
       ...working ( 19882 minimizations done)
       refinement at level 4 involved  20331 minimizations
 76063 minimizations required of the theoretical limit of 2540836
--------------------------------------------------------------------------------
     Timing                    min.         % of total

  Static G calculation       0.13471             1.8
  Dynamic G calculation       1.7964            23.7
  Static LP                  0.93056E-01         1.2
  Dynamic LP                  1.4413            19.0
  Successive QP               3.9106            51.5
  Total of above              7.3761            97.1
  Total elapsed time          7.5957           100.0
--------------------------------------------------------------------------------

End of job: stx21                                                                                               

--------------------------------------------------------------------------------

   135165101
